C51 COMPILER V9.60.7.0   SEGMENT                                                           05/12/2023 02:44:45 PAGE 1   


C51 COMPILER V9.60.7.0, COMPILATION OF MODULE SEGMENT
OBJECT MODULE PLACED IN .\Objects\segment.obj
COMPILER INVOKED BY: C:\Keil_v5\C51\BIN\C51.EXE segment.c OPTIMIZE(8,SPEED) BROWSE DEBUG OBJECTEXTEND PRINT(.\Listings\s
                    -egment.lst) TABS(2) OBJECT(.\Objects\segment.obj)

line level    source

   1          #include <REGX51.H>
   2          void delay(unsigned int time)
   3          {
   4   1          unsigned i, j;
   5   1          for (i = 0; i < time; i++)
   6   1              for (j = 0; j < 1275; j++);
   7   1      }
   8          
   9          void main()
  10          {
  11   1          unsigned char arr[] = {0xbf, 0x86, 0xdb, 0xcf, 0xe6, 0xed, 0xfd, 0x87, 0xff, 0xef};
  12   1          while (1)
  13   1          {
  14   2            int i;
  15   2            for(i = 0; i < 10; i++){
  16   3              P0 = 0x01;
  17   3              P1 = arr[i];
  18   3              delay(2000);
  19   3            }
  20   2          }
  21   1      }


MODULE INFORMATION:   STATIC OVERLAYABLE
   CODE SIZE        =     95    ----
   CONSTANT SIZE    =     10    ----
   XDATA SIZE       =   ----    ----
   PDATA SIZE       =   ----    ----
   DATA SIZE        =   ----      12
   IDATA SIZE       =   ----    ----
   BIT SIZE         =   ----    ----
END OF MODULE INFORMATION.


C51 COMPILATION COMPLETE.  0 WARNING(S),  0 ERROR(S)
